<?php

namespace Vendor\Project;

use DateTime;

class MyClass
{
    public function myMethod(DateTime $dateTime)
    {
    }
}
