<?php

namespace Vendor\Project;

class MyClass
{
    public function myMethod(
        $argument1,
        $argument2,
        $argument3,
        $argument4,
        $argument5,
        $argument6,
        $argument7,
        $argument8
    )
    {
    }
}
