<?php

namespace Vendor\Project;

class MyClass
{
    public function myMethod(DateTime $dateTime, array $argument1, $argument2)
    {
    }
}
